Microchip MPLAB XC8 Compiler V1.10 ()

Linker command line:

--edf=/opt/microchip/xc8/v1.10/dat/en_msgs.txt -cs \
  -h+dist/UseXC8/debug/Group11.debug.sym -z -Q18F45J10 -ol.obj \
  -Mdist/UseXC8/debug/Group11.debug.map -E1 -ver=XC8 -ACODE=00h-07FF7h \
  -ACONST=00h-07FF7h -ASMALLCONST=0400h-04FFhx123,07F00h-07FF7h \
  -AMEDIUMCONST=0400h-07FF7h -ACOMRAM=01h-07Fh -AABS1=00h-03F3h \
  -ABIGRAM=01h-03F3h -ARAM=080h-0FFh,0100h-01FFhx2,0300h-03F3h \
  -ABANK0=080h-0FFh -ABANK1=0100h-01FFh -ABANK2=0200h-02FFh \
  -ABANK3=0300h-03F3h -ASFR=0F80h-0FFFh \
  -preset_vec=00h,intcode=08h,intcodelo=018h,powerup,init,end_init \
  -pramtop=0400h -psmallconst=SMALLCONST -pmediumconst=MEDIUMCONST \
  -pconst=CONST -AFARRAM=00h-00h -ACONFIG=07FF8h-07FFDh -pconfig=CONFIG \
  -pjflash_buffer=07800h \
  -prdata=COMRAM,nvrram=COMRAM,nvbit=COMRAM,rbss=COMRAM,rbit=COMRAM \
  -pfarbss=FARRAM,fardata=FARRAM \
  -pintsave_regs=BIGRAM,bigbss=BIGRAM,bigdata=BIGRAM -pbss=RAM \
  -pidata=CODE,irdata=CODE,ibigdata=CODE,ifardata=CODE /tmp/cgtXq8rAh.obj \
  dist/UseXC8/debug/Group11.debug.obj 

Object code version is 3.10

Machine type is 18F45J10

Call graph: (short form)




                Name                               Link     Load   Length Selector   Space Scale
/tmp/cgtXq8rAh.obj
                end_init                             D2       D2        4        C       0
                reset_vec                             0        0        6        0       0
                config                             7FF8     7FF8        6     7FF8       0
dist/UseXC8/debug/Group11.debug.obj
                intcodelo                            18       18       BA        C       0
                intcode                               8        8       10        4       0
                text52                             1998     1998       48        C       0
                text51                             1C10     1C10       26        C       0
                text50                              D5A      D5A      114        C       0
                text49                             1406     1406       B2        C       0
                text48                             1D36     1D36        E        C       0
                text47                             19E0     19E0       44        C       0
                text46                             1D24     1D24       12        C       0
                text45                              F80      F80       D6        C       0
                text44                             1D62     1D62        6        C       0
                text43                             1BC2     1BC2       28        C       0
                text42                             1C7E     1C7E       24        C       0
                text41                             164C     164C       76        C       0
                text40                             112A     112A       C0        C       0
                text39                               D6       D6      7C2        C       0
                intcode_body                       14B8     14B8       8A        C       0
                text37                             1950     1950       48        C       0
                text36                             1D44     1D44        C        C       0
                text35                             1D12     1D12       12        C       0
                text34                             1D00     1D00       12        C       0
                text33                             1AD8     1AD8       38        C       0
                text32                             1354     1354       B2        C       0
                text31                             1C5A     1C5A       24        C       0
                text30                             11EA     11EA       B6        C       0
                text29                             1B70     1B70       2A        C       0
                text28                             1A62     1A62       3E        C       0
                text26                             1D68     1D68        4        C       0
                text25                             1CA2     1CA2       1C        C       0
                text24                             15C8     15C8       84        C       0
                text23                             1CEC     1CEC       14        C       0
                text22                             1AA0     1AA0       38        C       0
                text21                             18AC     18AC       56        C       0
                text20                              C1A      C1A      140        C       0
                text19                             1542     1542       86        C       0
                text18                             1902     1902       4E        C       0
                text17                             1BEA     1BEA       26        C       0
                text16                             1B40     1B40       30        C       0
                text15                              E6E      E6E      112        C       0
                text14                             1D50     1D50        A        C       0
                text13                             1B10     1B10       30        C       0
                text12                             1CD8     1CD8       14        C       0
                text11                             17F6     17F6       5E        C       0
                text10                             1854     1854       58        C       0
                text9                              1056     1056       D4        C       0
                text8                              12A0     12A0       B4        C       0
                text7                              1C36     1C36       24        C       0
                text6                              1A24     1A24       3E        C       0
                text5                              16C2     16C2       6E        C       0
                text4                              1730     1730       64        C       0
                text3                              1794     1794       62        C       0
                text2                              1CBE     1CBE       1A        C       0
                text1                              1D5A     1D5A        8        C       0
                text0                               898      898      382        C       0
                cstackCOMRAM                          1        1       47        1       1
                cstackBANK0                          B6       B6       28       80       1
                cstackBANK1                         1A2      1A2       4B      100       1
                bssBANK1                            100      100       A2      100       1
                bssBANK0                             80       80       36       80       1
                bssCOMRAM                            48       48        5        1       1
                cinit                              1B9A     1B9A       28        C       0
                nvBANK0                              DE       DE        2       80       1
                nvCOMRAM                             4D       4D        2        1       1

TOTAL           Name                               Link     Load   Length     Space
        CLASS   CODE           
                end_init                             D2       D2        4         0
                intcodelo                            18       18       BA         0
                intcode                               8        8       10         0
                reset_vec                             0        0        6         0
                text52                             1998     1998       48         0
                text51                             1C10     1C10       26         0
                text50                              D5A      D5A      114         0
                text49                             1406     1406       B2         0
                text48                             1D36     1D36        E         0
                text47                             19E0     19E0       44         0
                text46                             1D24     1D24       12         0
                text45                              F80      F80       D6         0
                text44                             1D62     1D62        6         0
                text43                             1BC2     1BC2       28         0
                text42                             1C7E     1C7E       24         0
                text41                             164C     164C       76         0
                text40                             112A     112A       C0         0
                text39                               D6       D6      7C2         0
                intcode_body                       14B8     14B8       8A         0
                text37                             1950     1950       48         0
                text36                             1D44     1D44        C         0
                text35                             1D12     1D12       12         0
                text34                             1D00     1D00       12         0
                text33                             1AD8     1AD8       38         0
                text32                             1354     1354       B2         0
                text31                             1C5A     1C5A       24         0
                text30                             11EA     11EA       B6         0
                text29                             1B70     1B70       2A         0
                text28                             1A62     1A62       3E         0
                text26                             1D68     1D68        4         0
                text25                             1CA2     1CA2       1C         0
                text24                             15C8     15C8       84         0
                text23                             1CEC     1CEC       14         0
                text22                             1AA0     1AA0       38         0
                text21                             18AC     18AC       56         0
                text20                              C1A      C1A      140         0
                text19                             1542     1542       86         0
                text18                             1902     1902       4E         0
                text17                             1BEA     1BEA       26         0
                text16                             1B40     1B40       30         0
                text15                              E6E      E6E      112         0
                text14                             1D50     1D50        A         0
                text13                             1B10     1B10       30         0
                text12                             1CD8     1CD8       14         0
                text11                             17F6     17F6       5E         0
                text10                             1854     1854       58         0
                text9                              1056     1056       D4         0
                text8                              12A0     12A0       B4         0
                text7                              1C36     1C36       24         0
                text6                              1A24     1A24       3E         0
                text5                              16C2     16C2       6E         0
                text4                              1730     1730       64         0
                text3                              1794     1794       62         0
                text2                              1CBE     1CBE       1A         0
                text1                              1D5A     1D5A        8         0
                text0                               898      898      382         0
                cinit                              1B9A     1B9A       28         0

        CLASS   CONST          

        CLASS   SMALLCONST     

        CLASS   MEDIUMCONST    

        CLASS   COMRAM         
                cstackCOMRAM                          1        1       47         1
                bssCOMRAM                            48       48        5         1
                nvCOMRAM                             4D       4D        2         1

        CLASS   ABS1           

        CLASS   BIGRAM         

        CLASS   RAM            

        CLASS   BANK0          
                cstackBANK0                          B6       B6       28         1
                bssBANK0                             80       80       36         1
                nvBANK0                              DE       DE        2         1

        CLASS   BANK1          
                cstackBANK1                         1A2      1A2       4B         1
                bssBANK1                            100      100       A2         1

        CLASS   BANK2          

        CLASS   BANK3          

        CLASS   SFR            

        CLASS   FARRAM         

        CLASS   CONFIG         
                config                             7FF8     7FF8        6         0

        CLASS   IDLOC          



SEGMENTS        Name                           Load    Length   Top    Selector   Space  Class

                reset_vec                      000000  000006  000006         0       0  CODE    
                cstackCOMRAM                   000001  00004E  00004F         1       1  COMRAM  
                intcode                        000008  000010  000018         4       0  CODE    
                intcodelo                      000018  001D54  001D6C         C       0  CODE    
                bssBANK0                       000080  000060  0000E0        80       1  BANK0   
                bssBANK1                       000100  0000ED  0001ED       100       1  BANK1   
                config                         007FF8  000006  007FFE      7FF8       0  CONFIG  


UNUSED ADDRESS RANGES

        Name                Unused          Largest block    Delta
        BANK0            00E0-00FF             20
        BANK1            01ED-01FF             13
        BANK2            0200-02FF            100
        BANK3            0300-03F3             F4
        BIGRAM           004F-007F             31
                         00E0-00FF             20
                         01ED-03F3            207
        CODE             0006-0007              2
                         1D6C-7FF7           628C
        COMRAM           004F-007F             31
        CONST            0006-0007              2
                         1D6C-7FF7           628C
        MEDIUMCONST      1D6C-7FF7           628C
        RAM              00E0-00FF             20
                         01ED-03F3            100
        SFR              0F80-0FFF             80
        SMALLCONST       1D6C-7FF7            100

                                  Symbol Table

?_Delay1KTCYx                   cstackBANK0   00D6
?_FromMainHigh_recvmsg          cstackBANK0   00BB
?_OpenADC                       cstackBANK0   00D6
?_OpenTimer1                    cstackBANK0   00D6
?_OpenUSART                     cstackBANK0   00D6
?_ReadADC                       cstackCOMRAM  0001
?_ReadTimer1                    cstackCOMRAM  0001
?_SetChanADC                    cstackBANK0   00D6
?_ToMainHigh_recvmsg            cstackBANK1   01B2
?_ToMainHigh_sendmsg            cstackBANK0   00B6
?_ToMainLow_recvmsg             cstackBANK1   01B2
?_ToMainLow_sendmsg             cstackCOMRAM  0017
?_WriteTimer0                   cstackCOMRAM  0032
?_WriteTimer1                   cstackCOMRAM  0001
?_check_msg                     cstackBANK0   00D6
?_handle_start                  cstackCOMRAM  0032
?_i2c_configure_slave           cstackBANK0   00D6
?_in_high_int                   cstackBANK0   00D6
?_in_low_int                    cstackBANK0   00D8
?_in_main                       cstackBANK0   00DA
?_init_i2c                      cstackBANK0   00D6
?_init_queue                    cstackBANK0   00D6
?_init_timer1_lthread           cstackBANK0   00DB
?_init_uart_recv                cstackBANK0   00D6
?_memcpy                        cstackBANK0   00D6
?_recv_msg                      cstackBANK1   01A6
?_send_msg                      cstackCOMRAM  000B
?_start_i2c_slave_reply         cstackBANK0   00D6
?_timer0_lthread                cstackBANK0   00D6
?_timer1_lthread                cstackBANK0   00D6
?_uart_lthread                  cstackBANK0   00D6
?i1_memcpy                      cstackCOMRAM  0001
?i2_check_msg                   cstackCOMRAM  0032
?i2_in_high_int                 cstackCOMRAM  0032
?i2_in_low_int                  cstackCOMRAM  0034
?i2_memcpy                      cstackCOMRAM  0032
?i2_recv_msg                    cstackCOMRAM  003C
?i2_send_msg                    cstackCOMRAM  003C
Delay1KTCYx@unit                cstackBANK0   00D6
FromMainHigh_recvmsg@data       cstackBANK0   00BE
FromMainHigh_recvmsg@maxlength  cstackBANK0   00BB
FromMainHigh_recvmsg@msgtype    cstackBANK0   00BC
OpenADC@config                  cstackBANK0   00D6
OpenADC@config2                 cstackBANK0   00D7
OpenADC@portconfig              cstackBANK0   00D8
OpenTimer1@config               cstackBANK0   00D6
OpenUSART@config                cstackBANK0   00D6
OpenUSART@spbrg                 cstackBANK0   00D7
ReadTimer1@timer                cstackCOMRAM  0003
ReadUSART@data                  cstackCOMRAM  0001
SetChanADC@channel              cstackBANK0   00D6
ToMainHigh_recvmsg@data         cstackBANK1   01B5
ToMainHigh_recvmsg@maxlength    cstackBANK1   01B2
ToMainHigh_recvmsg@msgtype      cstackBANK1   01B3
ToMainHigh_sendmsg@data         cstackBANK0   00B8
ToMainHigh_sendmsg@length       cstackBANK0   00B6
ToMainHigh_sendmsg@msgtype      cstackBANK0   00B7
ToMainLow_recvmsg@data          cstackBANK1   01B5
ToMainLow_recvmsg@maxlength     cstackBANK1   01B2
ToMainLow_recvmsg@msgtype       cstackBANK1   01B3
ToMainLow_sendmsg@data          cstackCOMRAM  0019
ToMainLow_sendmsg@length        cstackCOMRAM  0017
ToMainLow_sendmsg@msgtype       cstackCOMRAM  0018
WriteTimer0@timer               cstackCOMRAM  0034
WriteTimer0@timer0              cstackCOMRAM  0032
WriteTimer1@timer               cstackCOMRAM  0003
WriteTimer1@timer1              cstackCOMRAM  0001
_ABDEN                          (abs)         7DC0
_ABDOVF                         (abs)         7DC7
_ACKDT                          (abs)         7E2D
_ACKDT1                         (abs)         7E2D
_ACKDT2                         (abs)         7C2D
_ACKEN                          (abs)         7E2C
_ACKEN1                         (abs)         7E2C
_ACKEN2                         (abs)         7C2C
_ACKSTAT                        (abs)         7E2E
_ACKSTAT1                       (abs)         7E2E
_ACKSTAT2                       (abs)         7C2E
_ACQT0                          (abs)         7E03
_ACQT1                          (abs)         7E04
_ACQT2                          (abs)         7E05
_ADCAL                          (abs)         7E17
_ADCON0                         (abs)         0FC2
_ADCON0bits                     (abs)         0FC2
_ADCON1                         (abs)         0FC1
_ADCON1bits                     (abs)         0FC1
_ADCON2                         (abs)         0FC0
_ADCON2bits                     (abs)         0FC0
_ADCS0                          (abs)         7E00
_ADCS1                          (abs)         7E01
_ADCS2                          (abs)         7E02
_ADDEN                          (abs)         7D5B
_ADDEN1                         (abs)         7D5B
_ADEN                           (abs)         7D5B
_ADFM                           (abs)         7E07
_ADIE                           (abs)         7CEE
_ADIF                           (abs)         7CF6
_ADIP                           (abs)         7CFE
_ADMSK1                         (abs)         7E29
_ADMSK11                        (abs)         7E29
_ADMSK12                        (abs)         7C29
_ADMSK2                         (abs)         7E2A
_ADMSK21                        (abs)         7E2A
_ADMSK22                        (abs)         7C2A
_ADMSK3                         (abs)         7E2B
_ADMSK31                        (abs)         7E2B
_ADMSK32                        (abs)         7C2B
_ADMSK4                         (abs)         7E2C
_ADMSK41                        (abs)         7E2C
_ADMSK42                        (abs)         7C2C
_ADMSK5                         (abs)         7E2D
_ADMSK51                        (abs)         7E2D
_ADMSK52                        (abs)         7C2D
_ADON                           (abs)         7E10
_ADRES                          (abs)         0FC3
_ADRESH                         (abs)         0FC4
_ADRESL                         (abs)         0FC3
_AN0                            (abs)         7C00
_AN1                            (abs)         7C01
_AN10                           (abs)         7C09
_AN11                           (abs)         7C0C
_AN12                           (abs)         7C08
_AN2                            (abs)         7C02
_AN3                            (abs)         7C03
_AN4                            (abs)         7C05
_AN5                            (abs)         7C20
_AN6                            (abs)         7C21
_AN7                            (abs)         7C22
_AN8                            (abs)         7C0A
_AN9                            (abs)         7C0B
_BAUDCON                        (abs)         0FB8
_BAUDCONbits                    (abs)         0FB8
_BAUDCTL                        (abs)         0FB8
_BAUDCTLbits                    (abs)         0FB8
_BCL1IE                         (abs)         7D03
_BCL1IF                         (abs)         7D0B
_BCL1IP                         (abs)         7D13
_BCL2IE                         (abs)         7D1E
_BCL2IF                         (abs)         7D26
_BCL2IP                         (abs)         7D2E
_BCLIE                          (abs)         7D03
_BCLIF                          (abs)         7D0B
_BCLIP                          (abs)         7D13
_BF                             (abs)         7E38
_BF1                            (abs)         7E38
_BF2                            (abs)         7C38
_BOR                            (abs)         7E80
_BRG16                          (abs)         7DC3
_BRGH                           (abs)         7D62
_BRGH1                          (abs)         7D62
_BSR                            (abs)         0FE0
_C1INV                          (abs)         7DA4
_C1OUT                          (abs)         7DA6
_C2INV                          (abs)         7DA5
_C2OUT                          (abs)         7DA7
_CARRY                          (abs)         7EC0
_CCP1                           (abs)         7C12
_CCP10                          (abs)         7C22
_CCP1CON                        (abs)         0FBD
_CCP1CONbits                    (abs)         0FBD
_CCP1IE                         (abs)         7CEA
_CCP1IF                         (abs)         7CF2
_CCP1IP                         (abs)         7CFA
_CCP1M0                         (abs)         7DE8
_CCP1M1                         (abs)         7DE9
_CCP1M2                         (abs)         7DEA
_CCP1M3                         (abs)         7DEB
_CCP1X                          (abs)         7DED
_CCP1Y                          (abs)         7DEC
_CCP2CON                        (abs)         0FBA
_CCP2CONbits                    (abs)         0FBA
_CCP2E                          (abs)         7C27
_CCP2IE                         (abs)         7D00
_CCP2IF                         (abs)         7D08
_CCP2IP                         (abs)         7D10
_CCP2M0                         (abs)         7DD0
_CCP2M1                         (abs)         7DD1
_CCP2M2                         (abs)         7DD2
_CCP2M3                         (abs)         7DD3
_CCP2X                          (abs)         7DD5
_CCP2Y                          (abs)         7DD4
_CCP2_PA2                       (abs)         7C0B
_CCP6E                          (abs)         7C26
_CCP7E                          (abs)         7C25
_CCP8E                          (abs)         7C24
_CCP9E                          (abs)         7C23
_CCPR1                          (abs)         0FBE
_CCPR1H                         (abs)         0FBF
_CCPR1L                         (abs)         0FBE
_CCPR2                          (abs)         0FBB
_CCPR2H                         (abs)         0FBC
_CCPR2L                         (abs)         0FBB
_CHS0                           (abs)         7E12
_CHS1                           (abs)         7E13
_CHS2                           (abs)         7E14
_CHS3                           (abs)         7E15
_CHSN3                          (abs)         7E0B
_CIS                            (abs)         7DA3
_CK                             (abs)         7C16
_CKE                            (abs)         7E3E
_CKE1                           (abs)         7E3E
_CKE2                           (abs)         7C3E
_CKP                            (abs)         7E34
_CKP1                           (abs)         7E34
_CKP2                           (abs)         7C34
_CM0                            (abs)         7DA0
_CM1                            (abs)         7DA1
_CM2                            (abs)         7DA2
_CMCON                          (abs)         0FB4
_CMCONbits                      (abs)         0FB4
_CMEN0                          (abs)         7DA0
_CMEN1                          (abs)         7DA1
_CMEN2                          (abs)         7DA2
_CMIE                           (abs)         7D06
_CMIF                           (abs)         7D0E
_CMIP                           (abs)         7D16
_CREN                           (abs)         7D5C
_CREN1                          (abs)         7D5C
_CS                             (abs)         7C22
_CSRC                           (abs)         7D67
_CSRC1                          (abs)         7D67
_CVR0                           (abs)         7DA8
_CVR1                           (abs)         7DA9
_CVR2                           (abs)         7DAA
_CVR3                           (abs)         7DAB
_CVRCON                         (abs)         0FB5
_CVRCONbits                     (abs)         0FB5
_CVREF                          (abs)         7C02
_CVREN                          (abs)         7DAF
_CVROE                          (abs)         7DAE
_CVROEN                         (abs)         7DAE
_CVRR                           (abs)         7DAD
_CVRSS                          (abs)         7DAC
_CapStatus                      bssCOMRAM     004A
_ConvertADC                     text26        1D68
_DA                             (abs)         7E3D
_DA1                            (abs)         7E3D
_DA2                            (abs)         7C3D
_DATA_ADDRESS2                  (abs)         7C3D
_DC                             (abs)         7EC1
_DC1B0                          (abs)         7DEC
_DC1B1                          (abs)         7DED
_DC2B0                          (abs)         7DD4
_DC2B1                          (abs)         7DD5
_DDRA                           (abs)         0F92
_DDRAbits                       (abs)         0F92
_DDRB                           (abs)         0F93
_DDRBbits                       (abs)         0F93
_DDRC                           (abs)         0F94
_DDRCbits                       (abs)         0F94
_DDRD                           (abs)         0F95
_DDRDbits                       (abs)         0F95
_DDRE                           (abs)         0F96
_DDREbits                       (abs)         0F96
_DONE                           (abs)         7E11
_DT                             (abs)         7C17
_D_A2                           (abs)         7C3D
_D_nA2                          (abs)         7C3D
_Delay1KTCYx                    text23        1CEC
_ECCP1AS                        (abs)         0FB6
_ECCP1ASbits                    (abs)         0FB6
_ECCP1CON                       (abs)         0FBD
_ECCP1CONbits                   (abs)         0FBD
_ECCP1DEL                       (abs)         0FB7
_ECCP1DELbits                   (abs)         0FB7
_ECCPAS0                        (abs)         7DB4
_ECCPAS1                        (abs)         7DB5
_ECCPAS2                        (abs)         7DB6
_ECCPASE                        (abs)         7DB7
_EECON1                         (abs)         0FA6
_EECON1bits                     (abs)         0FA6
_EECON2                         (abs)         0FA7
_FERR                           (abs)         7D5A
_FERR1                          (abs)         7D5A
_FLT0                           (abs)         7C08
_FREE                           (abs)         7D34
_FSR0                           (abs)         0FE9
_FSR0H                          (abs)         0FEA
_FSR0L                          (abs)         0FE9
_FSR1                           (abs)         0FE1
_FSR1H                          (abs)         0FE2
_FSR1L                          (abs)         0FE1
_FSR2                           (abs)         0FD9
_FSR2H                          (abs)         0FDA
_FSR2L                          (abs)         0FD9
_FromMainHigh_MQ                bssBANK1      0100
_FromMainHigh_recvmsg           text43        1BC2
_FromMainLow_MQ                 bssBANK1      0136
_GCEN                           (abs)         7E2F
_GCEN1                          (abs)         7E2F
_GCEN2                          (abs)         7C2F
_GIE                            (abs)         7F97
_GIEH                           (abs)         7F97
_GIEL                           (abs)         7F96
_GIE_GIEH                       (abs)         7F97
_GO                             (abs)         7E11
_GODONE                         (abs)         7E11
_GO_DONE                        (abs)         7E11
_GO_NOT_DONE                    (abs)         7E11
_GO_nDONE                       (abs)         7E11
_I2C_DAT2                       (abs)         7C3D
_I2C_READ2                      (abs)         7C3A
_I2C_START2                     (abs)         7C3B
_I2C_STOP2                      (abs)         7C3C
_IBF                            (abs)         7CB7
_IBOV                           (abs)         7CB5
_IDLEN                          (abs)         7E9F
_INDF0                          (abs)         0FEF
_INDF1                          (abs)         0FE7
_INDF2                          (abs)         0FDF
_INT0                           (abs)         7C08
_INT0E                          (abs)         7F94
_INT0F                          (abs)         7F91
_INT0IE                         (abs)         7F94
_INT0IF                         (abs)         7F91
_INT1                           (abs)         7C09
_INT1E                          (abs)         7F83
_INT1F                          (abs)         7F80
_INT1IE                         (abs)         7F83
_INT1IF                         (abs)         7F80
_INT1IP                         (abs)         7F86
_INT1P                          (abs)         7F86
_INT2                           (abs)         7C0A
_INT2E                          (abs)         7F84
_INT2F                          (abs)         7F81
_INT2IE                         (abs)         7F84
_INT2IF                         (abs)         7F81
_INT2IP                         (abs)         7F87
_INT2P                          (abs)         7F87
_INTCON                         (abs)         0FF2
_INTCON2                        (abs)         0FF1
_INTCON2bits                    (abs)         0FF1
_INTCON3                        (abs)         0FF0
_INTCON3bits                    (abs)         0FF0
_INTCONbits                     (abs)         0FF2
_INTEDG0                        (abs)         7F8E
_INTEDG1                        (abs)         7F8D
_INTEDG2                        (abs)         7F8C
_IPEN                           (abs)         7E87
_IPR1                           (abs)         0F9F
_IPR1bits                       (abs)         0F9F
_IPR2                           (abs)         0FA2
_IPR2bits                       (abs)         0FA2
_IPR3                           (abs)         0FA5
_IPR3bits                       (abs)         0FA5
_InterruptHandlerHigh           intcode       0008
_InterruptHandlerLow            intcodelo     0018
_KBI0                           (abs)         7C0C
_KBI1                           (abs)         7C0D
_KBI2                           (abs)         7C0E
_KBI3                           (abs)         7C0F
_LA0                            (abs)         7C48
_LA1                            (abs)         7C49
_LA2                            (abs)         7C4A
_LA3                            (abs)         7C4B
_LA4                            (abs)         7C4C
_LA5                            (abs)         7C4D
_LA6                            (abs)         7C4E
_LA7                            (abs)         7C4F
_LATA                           (abs)         0F89
_LATA0                          (abs)         7C48
_LATA1                          (abs)         7C49
_LATA2                          (abs)         7C4A
_LATA3                          (abs)         7C4B
_LATA5                          (abs)         7C4D
_LATA7                          (abs)         7C4F
_LATAbits                       (abs)         0F89
_LATB                           (abs)         0F8A
_LATB0                          (abs)         7C50
_LATB1                          (abs)         7C51
_LATB2                          (abs)         7C52
_LATB3                          (abs)         7C53
_LATB4                          (abs)         7C54
_LATB5                          (abs)         7C55
_LATB6                          (abs)         7C56
_LATB7                          (abs)         7C57
_LATBbits                       (abs)         0F8A
_LATC                           (abs)         0F8B
_LATC0                          (abs)         7C58
_LATC1                          (abs)         7C59
_LATC2                          (abs)         7C5A
_LATC3                          (abs)         7C5B
_LATC4                          (abs)         7C5C
_LATC5                          (abs)         7C5D
_LATC6                          (abs)         7C5E
_LATC7                          (abs)         7C5F
_LATCbits                       (abs)         0F8B
_LATD                           (abs)         0F8C
_LATD0                          (abs)         7C60
_LATD1                          (abs)         7C61
_LATD2                          (abs)         7C62
_LATD3                          (abs)         7C63
_LATD4                          (abs)         7C64
_LATD5                          (abs)         7C65
_LATD6                          (abs)         7C66
_LATD7                          (abs)         7C67
_LATDbits                       (abs)         0F8C
_LATE                           (abs)         0F8D
_LATE0                          (abs)         7C68
_LATE1                          (abs)         7C69
_LATE2                          (abs)         7C6A
_LATEbits                       (abs)         0F8D
_LB0                            (abs)         7C50
_LB1                            (abs)         7C51
_LB2                            (abs)         7C52
_LB3                            (abs)         7C53
_LB4                            (abs)         7C54
_LB5                            (abs)         7C55
_LB6                            (abs)         7C56
_LB7                            (abs)         7C57
_LC0                            (abs)         7C58
_LC1                            (abs)         7C59
_LC2                            (abs)         7C5A
_LC3                            (abs)         7C5B
_LC4                            (abs)         7C5C
_LC5                            (abs)         7C5D
_LC6                            (abs)         7C5E
_LC7                            (abs)         7C5F
_LD0                            (abs)         7C60
_LD1                            (abs)         7C61
_LD2                            (abs)         7C62
_LD3                            (abs)         7C63
_LD4                            (abs)         7C64
_LD5                            (abs)         7C65
_LD6                            (abs)         7C66
_LD7                            (abs)         7C67
_LE0                            (abs)         7C68
_LE1                            (abs)         7C69
_LE2                            (abs)         7C6A
_LE3                            (abs)         7C6B
_LE4                            (abs)         7C6C
_LE5                            (abs)         7C6D
_LE6                            (abs)         7C6E
_LE7                            (abs)         7C6F
_LVDIN                          (abs)         7C05
_MEMCON                         (abs)         0FCB
_MQ_Main_Willing_to_block       bssCOMRAM     004B
_MSK0                           (abs)         7E40
_MSK01                          (abs)         7E40
_MSK02                          (abs)         7C40
_MSK1                           (abs)         7E41
_MSK11                          (abs)         7E41
_MSK12                          (abs)         7C41
_MSK2                           (abs)         7E42
_MSK21                          (abs)         7E42
_MSK22                          (abs)         7C42
_MSK3                           (abs)         7E43
_MSK31                          (abs)         7E43
_MSK32                          (abs)         7C43
_MSK4                           (abs)         7E44
_MSK41                          (abs)         7E44
_MSK42                          (abs)         7C44
_MSK5                           (abs)         7E45
_MSK51                          (abs)         7E45
_MSK52                          (abs)         7C45
_MSK6                           (abs)         7E46
_MSK61                          (abs)         7E46
_MSK62                          (abs)         7C46
_MSK7                           (abs)         7E47
_MSK71                          (abs)         7E47
_MSK72                          (abs)         7C47
_NEGATIVE                       (abs)         7EC4
_NOT_A                          (abs)         7E3D
_NOT_BOR                        (abs)         7E80
_NOT_CS                         (abs)         7C22
_NOT_DONE                       (abs)         7E11
_NOT_PD                         (abs)         7E82
_NOT_POR                        (abs)         7E81
_NOT_RBPU                       (abs)         7F8F
_NOT_RC8                        (abs)         7D5E
_NOT_RD                         (abs)         7C20
_NOT_RI                         (abs)         7E84
_NOT_SS1                        (abs)         7C05
_NOT_SS2                        (abs)         7C1B
_NOT_T1SYNC                     (abs)         7E6A
_NOT_TO                         (abs)         7E83
_NOT_TX8                        (abs)         7D66
_NOT_W                          (abs)         7E3A
_NOT_WR                         (abs)         7C21
_OBF                            (abs)         7CB6
_OERR                           (abs)         7D59
_OERR1                          (abs)         7D59
_OSCCON                         (abs)         0FD3
_OSCCONbits                     (abs)         0FD3
_OSCFIE                         (abs)         7D07
_OSCFIF                         (abs)         7D0F
_OSCFIP                         (abs)         7D17
_OSCTUNE                        (abs)         0F9B
_OSCTUNEbits                    (abs)         0F9B
_OSTS                           (abs)         7E9B
_OV                             (abs)         7EC3
_OVERFLOW                       (abs)         7EC3
_OpenADC                        text24        15C8
_OpenTimer1                     text6         1A24
_OpenUSART                      text8         12A0
_P1A                            (abs)         7C12
_P1B                            (abs)         7C1D
_P1C                            (abs)         7C1E
_P1D                            (abs)         7C1F
_P1M0                           (abs)         7DEE
_P1M1                           (abs)         7DEF
_P2                             (abs)         7C3C
_PA1                            (abs)         7C12
_PA2                            (abs)         7C11
_PA2E                           (abs)         7C27
_PB1E                           (abs)         7C26
_PB2                            (abs)         7C22
_PB3E                           (abs)         7C24
_PC                             (abs)         0FF9
_PC1E                           (abs)         7C25
_PC2                            (abs)         7C21
_PC3E                           (abs)         7C23
_PCFG0                          (abs)         7E08
_PCFG1                          (abs)         7E09
_PCFG2                          (abs)         7E0A
_PCFG3                          (abs)         7E0B
_PCL                            (abs)         0FF9
_PCLAT                          (abs)         0FF9
_PCLATH                         (abs)         0FFA
_PCLATU                         (abs)         0FFB
_PD                             (abs)         7E82
_PD2                            (abs)         7C20
_PDC0                           (abs)         7DB8
_PDC1                           (abs)         7DB9
_PDC2                           (abs)         7DBA
_PDC3                           (abs)         7DBB
_PDC4                           (abs)         7DBC
_PDC5                           (abs)         7DBD
_PDC6                           (abs)         7DBE
_PEIE                           (abs)         7F96
_PEIE_GIEL                      (abs)         7F96
_PEN                            (abs)         7E2A
_PEN1                           (abs)         7E2A
_PEN2                           (abs)         7C2A
_PGC                            (abs)         7C0E
_PGD                            (abs)         7C0F
_PIE1                           (abs)         0F9D
_PIE1bits                       (abs)         0F9D
_PIE2                           (abs)         0FA0
_PIE2bits                       (abs)         0FA0
_PIE3                           (abs)         0FA3
_PIE3bits                       (abs)         0FA3
_PIR1                           (abs)         0F9E
_PIR1bits                       (abs)         0F9E
_PIR2                           (abs)         0FA1
_PIR2bits                       (abs)         0FA1
_PIR3                           (abs)         0FA4
_PIR3bits                       (abs)         0FA4
_PLLEN                          (abs)         7CDE
_PLUSW0                         (abs)         0FEB
_PLUSW1                         (abs)         0FE3
_PLUSW2                         (abs)         0FDB
_POR                            (abs)         7E81
_PORTA                          (abs)         0F80
_PORTAbits                      (abs)         0F80
_PORTB                          (abs)         0F81
_PORTBbits                      (abs)         0F81
_PORTC                          (abs)         0F82
_PORTCbits                      (abs)         0F82
_PORTD                          (abs)         0F83
_PORTDbits                      (abs)         0F83
_PORTE                          (abs)         0F84
_PORTEbits                      (abs)         0F84
_POSTDEC0                       (abs)         0FED
_POSTDEC1                       (abs)         0FE5
_POSTDEC2                       (abs)         0FDD
_POSTINC0                       (abs)         0FEE
_POSTINC1                       (abs)         0FE6
_POSTINC2                       (abs)         0FDE
_PR2                            (abs)         0FCB
_PREINC0                        (abs)         0FEC
_PREINC1                        (abs)         0FE4
_PREINC2                        (abs)         0FDC
_PROD                           (abs)         0FF3
_PRODH                          (abs)         0FF4
_PRODL                          (abs)         0FF3
_PRSEN                          (abs)         7DBF
_PSA                            (abs)         7EAB
_PSP0                           (abs)         7C18
_PSP1                           (abs)         7C19
_PSP2                           (abs)         7C1A
_PSP3                           (abs)         7C1B
_PSP4                           (abs)         7C1C
_PSP5                           (abs)         7C1D
_PSP6                           (abs)         7C1E
_PSP7                           (abs)         7C1F
_PSPIE                          (abs)         7CEF
_PSPIF                          (abs)         7CF7
_PSPIP                          (abs)         7CFF
_PSPMODE                        (abs)         7CB4
_PSSAC0                         (abs)         7DB2
_PSSAC1                         (abs)         7DB3
_PSSBD0                         (abs)         7DB0
_PSSBD1                         (abs)         7DB1
_PWM1CON                        (abs)         0FB7
_PWM1CONbits                    (abs)         0FB7
_RA0                            (abs)         7C00
_RA1                            (abs)         7C01
_RA2                            (abs)         7C02
_RA3                            (abs)         7C03
_RA4                            (abs)         7C04
_RA5                            (abs)         7C05
_RA6                            (abs)         7C06
_RA7                            (abs)         7C07
_RB0                            (abs)         7C08
_RB1                            (abs)         7C09
_RB2                            (abs)         7C0A
_RB3                            (abs)         7C0B
_RB4                            (abs)         7C0C
_RB5                            (abs)         7C0D
_RB6                            (abs)         7C0E
_RB7                            (abs)         7C0F
_RBIE                           (abs)         7F93
_RBIF                           (abs)         7F90
_RBIP                           (abs)         7F88
_RBPU                           (abs)         7F8F
_RC0                            (abs)         7C10
_RC1                            (abs)         7C11
_RC1IE                          (abs)         7CED
_RC1IF                          (abs)         7CF5
_RC1IP                          (abs)         7CFD
_RC2                            (abs)         7C12
_RC3                            (abs)         7C13
_RC4                            (abs)         7C14
_RC5                            (abs)         7C15
_RC6                            (abs)         7C16
_RC7                            (abs)         7C17
_RC8_9                          (abs)         7D5E
_RC9                            (abs)         7D5E
_RCD8                           (abs)         7D58
_RCEN                           (abs)         7E2B
_RCEN1                          (abs)         7E2B
_RCEN2                          (abs)         7C2B
_RCIDL                          (abs)         7DC6
_RCIE                           (abs)         7CED
_RCIF                           (abs)         7CF5
_RCIP                           (abs)         7CFD
_RCMT                           (abs)         7DC6
_RCON                           (abs)         0FD0
_RCONbits                       (abs)         0FD0
_RCREG                          (abs)         0FAE
_RCREG1                         (abs)         0FAE
_RCSTA                          (abs)         0FAB
_RCSTA1                         (abs)         0FAB
_RCSTA1bits                     (abs)         0FAB
_RCSTAbits                      (abs)         0FAB
_RD                             (abs)         7C20
_RD0                            (abs)         7C18
_RD1                            (abs)         7C19
_RD16                           (abs)         7E6F
_RD2                            (abs)         7C1A
_RD3                            (abs)         7C1B
_RD4                            (abs)         7C1C
_RD5                            (abs)         7C1D
_RD6                            (abs)         7C1E
_RD7                            (abs)         7C1F
_RDE                            (abs)         7C20
_RE0                            (abs)         7C20
_RE1                            (abs)         7C21
_RE2                            (abs)         7C22
_RE3                            (abs)         7CB3
_RE4                            (abs)         7C24
_RE5                            (abs)         7C25
_RE6                            (abs)         7C26
_RE7                            (abs)         7C27
_READ_WRITE2                    (abs)         7C3A
_RI                             (abs)         7E84
_RJPU                           (abs)         7C07
_RSEN                           (abs)         7E29
_RSEN1                          (abs)         7E29
_RSEN2                          (abs)         7C29
_RW                             (abs)         7E3A
_RW1                            (abs)         7E3A
_RW2                            (abs)         7C3A
_RX                             (abs)         7C17
_RX9                            (abs)         7D5E
_RX91                           (abs)         7D5E
_RX9D                           (abs)         7D58
_RX9D1                          (abs)         7D58
_R_W2                           (abs)         7C3A
_R_nW2                          (abs)         7C3A
_ReadADC                        text36        1D44
_ReadTimer1                     text34        1D00
_ReadUSART                      text33        1AD8
_S2                             (abs)         7C3B
_SCK                            (abs)         7C13
_SCK1                           (abs)         7C13
_SCK2                           (abs)         7C18
_SCKP                           (abs)         7DC4
_SCL                            (abs)         7C13
_SCL1                           (abs)         7C13
_SCL2                           (abs)         7C18
_SCS0                           (abs)         7E98
_SCS1                           (abs)         7E99
_SDA                            (abs)         7C14
_SDA1                           (abs)         7C14
_SDA2                           (abs)         7C19
_SDI                            (abs)         7C14
_SDI1                           (abs)         7C14
_SDI2                           (abs)         7C19
_SDO                            (abs)         7C15
_SDO1                           (abs)         7C15
_SDO2                           (abs)         7C1A
_SEN                            (abs)         7E28
_SEN1                           (abs)         7E28
_SEN2                           (abs)         7C28
_SENDB                          (abs)         7D63
_SENDB1                         (abs)         7D63
_SMP                            (abs)         7E3F
_SMP1                           (abs)         7E3F
_SMP2                           (abs)         7C3F
_SOSCEN                         (abs)         7E6B
_SPBRG                          (abs)         0FAF
_SPBRG1                         (abs)         0FAF
_SPBRGH                         (abs)         0FB0
_SPEN                           (abs)         7D5F
_SPEN1                          (abs)         7D5F
_SREN                           (abs)         7D5D
_SREN1                          (abs)         7D5D
_SRENA                          (abs)         7D5D
_SS1                            (abs)         7C05
_SS2                            (abs)         7C1B
_SSP1ADD                        (abs)         0FC8
_SSP1ADDbits                    (abs)         0FC8
_SSP1BUF                        (abs)         0FC9
_SSP1CON1                       (abs)         0FC6
_SSP1CON1bits                   (abs)         0FC6
_SSP1CON2                       (abs)         0FC5
_SSP1CON2bits                   (abs)         0FC5
_SSP1IE                         (abs)         7CEB
_SSP1IF                         (abs)         7CF3
_SSP1IP                         (abs)         7CFB
_SSP1STAT                       (abs)         0FC7
_SSP1STATbits                   (abs)         0FC7
_SSP2ADD                        (abs)         0F88
_SSP2ADDbits                    (abs)         0F88
_SSP2BUF                        (abs)         0F8E
_SSP2CON1                       (abs)         0F86
_SSP2CON1bits                   (abs)         0F86
_SSP2CON2                       (abs)         0F85
_SSP2CON2bits                   (abs)         0F85
_SSP2IE                         (abs)         7D1F
_SSP2IF                         (abs)         7D27
_SSP2IP                         (abs)         7D2F
_SSP2STAT                       (abs)         0F87
_SSP2STATbits                   (abs)         0F87
_SSPADD                         (abs)         0FC8
_SSPADDbits                     (abs)         0FC8
_SSPBUF                         (abs)         0FC9
_SSPCON1                        (abs)         0FC6
_SSPCON1bits                    (abs)         0FC6
_SSPCON2                        (abs)         0FC5
_SSPCON2bits                    (abs)         0FC5
_SSPEN                          (abs)         7E35
_SSPEN1                         (abs)         7E35
_SSPEN2                         (abs)         7C35
_SSPIE                          (abs)         7CEB
_SSPIF                          (abs)         7CF3
_SSPIP                          (abs)         7CFB
_SSPM0                          (abs)         7E30
_SSPM01                         (abs)         7E30
_SSPM02                         (abs)         7C30
_SSPM1                          (abs)         7E31
_SSPM11                         (abs)         7E31
_SSPM12                         (abs)         7C31
_SSPM2                          (abs)         7E32
_SSPM21                         (abs)         7E32
_SSPM22                         (abs)         7C32
_SSPM3                          (abs)         7E33
_SSPM31                         (abs)         7E33
_SSPM32                         (abs)         7C33
_SSPOV                          (abs)         7E36
_SSPOV1                         (abs)         7E36
_SSPOV2                         (abs)         7C36
_SSPSTAT                        (abs)         0FC7
_SSPSTATbits                    (abs)         0FC7
_START                          (abs)         7E3B
_START1                         (abs)         7E3B
_START2                         (abs)         7C3B
_STATUS                         (abs)         0FD8
_STATUSbits                     (abs)         0FD8
_STKFUL                         (abs)         7FE7
_STKOVF                         (abs)         7FE7
_STKPTR                         (abs)         0FFC
_STKPTR0                        (abs)         7FE0
_STKPTR1                        (abs)         7FE1
_STKPTR2                        (abs)         7FE2
_STKPTR3                        (abs)         7FE3
_STKPTR4                        (abs)         7FE4
_STKPTRbits                     (abs)         0FFC
_STKUNF                         (abs)         7FE6
_STOP                           (abs)         7E3C
_STOP1                          (abs)         7E3C
_STOP2                          (abs)         7C3C
_SWDTE                          (abs)         7E88
_SWDTEN                         (abs)         7E88
_SYNC                           (abs)         7D64
_SYNC1                          (abs)         7D64
_SetChanADC                     text25        1CA2
_SleepIfOkay                    text41        164C
_T08BIT                         (abs)         7EAE
_T0CKI                          (abs)         7C0D
_T0CON                          (abs)         0FD5
_T0CONbits                      (abs)         0FD5
_T0CS                           (abs)         7EAD
_T0IE                           (abs)         7F95
_T0IF                           (abs)         7F92
_T0IP                           (abs)         7F8A
_T0PS0                          (abs)         7EA8
_T0PS1                          (abs)         7EA9
_T0PS2                          (abs)         7EAA
_T0SE                           (abs)         7EAC
_T1CKI                          (abs)         7C10
_T1CKPS0                        (abs)         7E6C
_T1CKPS1                        (abs)         7E6D
_T1CON                          (abs)         0FCD
_T1CONbits                      (abs)         0FCD
_T1INSYNC                       (abs)         7E6A
_T1OSCEN                        (abs)         7E6B
_T1OSI                          (abs)         7C11
_T1OSO                          (abs)         7C10
_T1RD16                         (abs)         7E6F
_T1RUN                          (abs)         7E6E
_T1SYNC                         (abs)         7E6A
_T2CKPS0                        (abs)         7E50
_T2CKPS1                        (abs)         7E51
_T2CON                          (abs)         0FCA
_T2CONbits                      (abs)         0FCA
_T2OUTPS0                       (abs)         7E53
_T2OUTPS1                       (abs)         7E54
_T2OUTPS2                       (abs)         7E55
_T2OUTPS3                       (abs)         7E56
_TABLAT                         (abs)         0FF5
_TBLPTR                         (abs)         0FF6
_TBLPTRH                        (abs)         0FF7
_TBLPTRL                        (abs)         0FF6
_TBLPTRU                        (abs)         0FF8
_TMR0                           (abs)         0FD6
_TMR0H                          (abs)         0FD7
_TMR0IE                         (abs)         7F95
_TMR0IF                         (abs)         7F92
_TMR0IP                         (abs)         7F8A
_TMR0L                          (abs)         0FD6
_TMR0ON                         (abs)         7EAF
_TMR1                           (abs)         0FCE
_TMR1CS                         (abs)         7E69
_TMR1H                          (abs)         0FCF
_TMR1IE                         (abs)         7CE8
_TMR1IF                         (abs)         7CF0
_TMR1IP                         (abs)         7CF8
_TMR1L                          (abs)         0FCE
_TMR1ON                         (abs)         7E68
_TMR2                           (abs)         0FCC
_TMR2IE                         (abs)         7CE9
_TMR2IF                         (abs)         7CF1
_TMR2IP                         (abs)         7CF9
_TMR2ON                         (abs)         7E52
_TO                             (abs)         7E83
_TOS                            (abs)         0FFD
_TOSH                           (abs)         0FFE
_TOSL                           (abs)         0FFD
_TOSU                           (abs)         0FFF
_TOUTPS0                        (abs)         7E53
_TOUTPS1                        (abs)         7E54
_TOUTPS2                        (abs)         7E55
_TOUTPS3                        (abs)         7E56
_TRISA                          (abs)         0F92
_TRISA0                         (abs)         7C90
_TRISA1                         (abs)         7C91
_TRISA2                         (abs)         7C92
_TRISA3                         (abs)         7C93
_TRISA5                         (abs)         7C95
_TRISAbits                      (abs)         0F92
_TRISB                          (abs)         0F93
_TRISB0                         (abs)         7C98
_TRISB1                         (abs)         7C99
_TRISB2                         (abs)         7C9A
_TRISB3                         (abs)         7C9B
_TRISB4                         (abs)         7C9C
_TRISB5                         (abs)         7C9D
_TRISB6                         (abs)         7C9E
_TRISB7                         (abs)         7C9F
_TRISBbits                      (abs)         0F93
_TRISC                          (abs)         0F94
_TRISC0                         (abs)         7CA0
_TRISC1                         (abs)         7CA1
_TRISC2                         (abs)         7CA2
_TRISC3                         (abs)         7CA3
_TRISC4                         (abs)         7CA4
_TRISC5                         (abs)         7CA5
_TRISC6                         (abs)         7CA6
_TRISC7                         (abs)         7CA7
_TRISCbits                      (abs)         0F94
_TRISD                          (abs)         0F95
_TRISD0                         (abs)         7CA8
_TRISD1                         (abs)         7CA9
_TRISD2                         (abs)         7CAA
_TRISD3                         (abs)         7CAB
_TRISD4                         (abs)         7CAC
_TRISD5                         (abs)         7CAD
_TRISD6                         (abs)         7CAE
_TRISD7                         (abs)         7CAF
_TRISDbits                      (abs)         0F95
_TRISE                          (abs)         0F96
_TRISE0                         (abs)         7CB0
_TRISE1                         (abs)         7CB1
_TRISE2                         (abs)         7CB2
_TRISEbits                      (abs)         0F96
_TRMT                           (abs)         7D61
_TRMT1                          (abs)         7D61
_TX                             (abs)         7C16
_TX1IE                          (abs)         7CEC
_TX1IF                          (abs)         7CF4
_TX1IP                          (abs)         7CFC
_TX8_9                          (abs)         7D66
_TX9                            (abs)         7D66
_TX91                           (abs)         7D66
_TX9D                           (abs)         7D60
_TX9D1                          (abs)         7D60
_TXD8                           (abs)         7D60
_TXEN                           (abs)         7D65
_TXEN1                          (abs)         7D65
_TXIE                           (abs)         7CEC
_TXIF                           (abs)         7CF4
_TXIP                           (abs)         7CFC
_TXREG                          (abs)         0FAD
_TXREG1                         (abs)         0FAD
_TXSTA                          (abs)         0FAC
_TXSTA1                         (abs)         0FAC
_TXSTA1bits                     (abs)         0FAC
_TXSTAbits                      (abs)         0FAC
_ToMainHigh_MQ                  bssBANK1      016C
_ToMainHigh_recvmsg             text13        1B10
_ToMainHigh_sendmsg             text42        1C7E
_ToMainLow_MQ                   bssBANK0      0080
_ToMainLow_recvmsg              text16        1B40
_ToMainLow_sendmsg              text31        1C5A
_UA                             (abs)         7E39
_UA1                            (abs)         7E39
_UA2                            (abs)         7C39
_ULPWUIN                        (abs)         7C00
_USART_Status                   bssCOMRAM     004C
_VCFG0                          (abs)         7E0C
_VCFG01                         (abs)         7E0C
_VCFG1                          (abs)         7E0D
_VCFG11                         (abs)         7E0D
_VREFM                          (abs)         7C02
_VREFP                          (abs)         7C03
_W4E                            (abs)         7DC1
_WCOL                           (abs)         7E37
_WCOL1                          (abs)         7E37
_WCOL2                          (abs)         7C37
_WDTCON                         (abs)         0FD1
_WDTCONbits                     (abs)         0FD1
_WR                             (abs)         7D31
_WRE                            (abs)         7C21
_WREG                           (abs)         0FE8
_WREN                           (abs)         7D32
_WRERR                          (abs)         7D33
_WUE                            (abs)         7DC1
_WriteTimer0                    text46        1D24
_WriteTimer1                    text35        1D12
_ZERO                           (abs)         7EC2
__CFG_CCP2MX$DEFAULT            (abs)         0000
__CFG_CP0$OFF                   (abs)         0000
__CFG_FCMEN$ON                  (abs)         0000
__CFG_FOSC$HSPLL                (abs)         0000
__CFG_FOSC2$ON                  (abs)         0000
__CFG_IESO$ON                   (abs)         0000
__CFG_STVREN$OFF                (abs)         0000
__CFG_WDTEN$OFF                 (abs)         0000
__CFG_WDTPS$32768               (abs)         0000
__CFG_XINST$OFF                 (abs)         0000
__HRAM                          (abs)         0000
__Habs1                         abs1          0000
__Hbank0                        bank0         0000
__Hbank1                        bank1         0000
__Hbank2                        bank2         0000
__Hbank3                        bank3         0000
__Hbigbss                       bigbss        0000
__Hbigdata                      bigdata       0000
__Hbigram                       bigram        0000
__Hbss                          bss           0000
__HbssBANK0                     bssBANK0      0000
__HbssBANK1                     bssBANK1      0000
__HbssCOMRAM                    bssCOMRAM     0000
__Hcinit                        cinit         0000
__Hclrtext                      clrtext       0000
__Hcomram                       comram        0000
__Hconfig                       config        7FFE
__Hconst                        const         0000
__HcstackBANK0                  cstackBANK0   0000
__HcstackBANK1                  cstackBANK1   0000
__HcstackCOMRAM                 cstackCOMRAM  0000
__Hdata                         data          0000
__Hend_init                     end_init      00D6
__Hfarbss                       farbss        0000
__Hfardata                      fardata       0000
__Hibigdata                     ibigdata      0000
__Hidata                        idata         0000
__Hidloc                        idloc         0000
__Hifardata                     ifardata      0000
__Hinit                         init          00D2
__Hintcode                      intcode       0018
__Hintcode_body                 intcode_body  0000
__Hintcodelo                    intcodelo     00D2
__Hintentry                     intentry      0000
__Hintret                       intret        0000
__Hintsave_regs                 intsave_regs  0000
__Hirdata                       irdata        0000
__Hjflash_buffer                jflash_buffer 7800
__Hmediumconst                  mediumconst   0000
__HnvBANK0                      nvBANK0       0000
__HnvCOMRAM                     nvCOMRAM      0000
__Hnvbit                        nvbit         0000
__Hnvrram                       nvrram        0000
__Hparam                        rparam        0000
__Hpowerup                      powerup       00D2
__Hram                          ram           0000
__Hramtop                       ramtop        0400
__Hrbit                         rbit          0000
__Hrbss                         rbss          0000
__Hrdata                        rdata         0000
__Hreset_vec                    reset_vec     0006
__Hrparam                       rparam        0000
__Hsfr                          sfr           0000
__Hsmallconst                   smallconst    0000
__Hstruct                       struct        0000
__Htemp                         temp          0000
__Htext                         text          0000
__Htext0                        text0         0000
__Htext1                        text1         0000
__Htext10                       text10        0000
__Htext11                       text11        0000
__Htext12                       text12        0000
__Htext13                       text13        0000
__Htext14                       text14        0000
__Htext15                       text15        0000
__Htext16                       text16        0000
__Htext17                       text17        0000
__Htext18                       text18        0000
__Htext19                       text19        0000
__Htext2                        text2         0000
__Htext20                       text20        0000
__Htext21                       text21        0000
__Htext22                       text22        0000
__Htext23                       text23        0000
__Htext24                       text24        0000
__Htext25                       text25        0000
__Htext26                       text26        0000
__Htext28                       text28        0000
__Htext29                       text29        0000
__Htext3                        text3         0000
__Htext30                       text30        0000
__Htext31                       text31        0000
__Htext32                       text32        0000
__Htext33                       text33        0000
__Htext34                       text34        0000
__Htext35                       text35        0000
__Htext36                       text36        0000
__Htext37                       text37        0000
__Htext39                       text39        0000
__Htext4                        text4         0000
__Htext40                       text40        0000
__Htext41                       text41        0000
__Htext42                       text42        0000
__Htext43                       text43        0000
__Htext44                       text44        0000
__Htext45                       text45        0000
__Htext46                       text46        0000
__Htext47                       text47        0000
__Htext48                       text48        0000
__Htext49                       text49        0000
__Htext5                        text5         0000
__Htext50                       text50        0000
__Htext51                       text51        0000
__Htext52                       text52        0000
__Htext53                       text53        0000
__Htext6                        text6         0000
__Htext7                        text7         0000
__Htext8                        text8         0000
__Htext9                        text9         0000
__LRAM                          (abs)         0001
__Labs1                         abs1          0000
__Lbank0                        bank0         0000
__Lbank1                        bank1         0000
__Lbank2                        bank2         0000
__Lbank3                        bank3         0000
__Lbigbss                       bigbss        0000
__Lbigdata                      bigdata       0000
__Lbigram                       bigram        0000
__Lbss                          bss           0000
__LbssBANK0                     bssBANK0      0000
__LbssBANK1                     bssBANK1      0000
__LbssCOMRAM                    bssCOMRAM     0000
__Lcinit                        cinit         0000
__Lclrtext                      clrtext       0000
__Lcomram                       comram        0000
__Lconfig                       config        7FF8
__Lconst                        const         0000
__LcstackBANK0                  cstackBANK0   0000
__LcstackBANK1                  cstackBANK1   0000
__LcstackCOMRAM                 cstackCOMRAM  0000
__Ldata                         data          0000
__Lend_init                     end_init      00D2
__Lfarbss                       farbss        0000
__Lfardata                      fardata       0000
__Libigdata                     ibigdata      0000
__Lidata                        idata         0000
__Lidloc                        idloc         0000
__Lifardata                     ifardata      0000
__Linit                         init          00D2
__Lintcode                      intcode       0008
__Lintcode_body                 intcode_body  0000
__Lintcodelo                    intcodelo     0018
__Lintentry                     intentry      0000
__Lintret                       intret        0000
__Lintsave_regs                 intsave_regs  0000
__Lirdata                       irdata        0000
__Ljflash_buffer                jflash_buffer 7800
__Lmediumconst                  mediumconst   0000
__LnvBANK0                      nvBANK0       0000
__LnvCOMRAM                     nvCOMRAM      0000
__Lnvbit                        nvbit         0000
__Lnvrram                       nvrram        0000
__Lparam                        rparam        0000
__Lpowerup                      powerup       00D2
__Lram                          ram           0000
__Lramtop                       ramtop        0400
__Lrbit                         rbit          0000
__Lrbss                         rbss          0000
__Lrdata                        rdata         0000
__Lreset_vec                    reset_vec     0000
__Lrparam                       rparam        0000
__Lsfr                          sfr           0000
__Lsmallconst                   smallconst    0000
__Lstruct                       struct        0000
__Ltemp                         temp          0000
__Ltext                         text          0000
__Ltext0                        text0         0000
__Ltext1                        text1         0000
__Ltext10                       text10        0000
__Ltext11                       text11        0000
__Ltext12                       text12        0000
__Ltext13                       text13        0000
__Ltext14                       text14        0000
__Ltext15                       text15        0000
__Ltext16                       text16        0000
__Ltext17                       text17        0000
__Ltext18                       text18        0000
__Ltext19                       text19        0000
__Ltext2                        text2         0000
__Ltext20                       text20        0000
__Ltext21                       text21        0000
__Ltext22                       text22        0000
__Ltext23                       text23        0000
__Ltext24                       text24        0000
__Ltext25                       text25        0000
__Ltext26                       text26        0000
__Ltext28                       text28        0000
__Ltext29                       text29        0000
__Ltext3                        text3         0000
__Ltext30                       text30        0000
__Ltext31                       text31        0000
__Ltext32                       text32        0000
__Ltext33                       text33        0000
__Ltext34                       text34        0000
__Ltext35                       text35        0000
__Ltext36                       text36        0000
__Ltext37                       text37        0000
__Ltext39                       text39        0000
__Ltext4                        text4         0000
__Ltext40                       text40        0000
__Ltext41                       text41        0000
__Ltext42                       text42        0000
__Ltext43                       text43        0000
__Ltext44                       text44        0000
__Ltext45                       text45        0000
__Ltext46                       text46        0000
__Ltext47                       text47        0000
__Ltext48                       text48        0000
__Ltext49                       text49        0000
__Ltext5                        text5         0000
__Ltext50                       text50        0000
__Ltext51                       text51        0000
__Ltext52                       text52        0000
__Ltext53                       text53        0000
__Ltext6                        text6         0000
__Ltext7                        text7         0000
__Ltext8                        text8         0000
__Ltext9                        text9         0000
__S0                            (abs)         7FFE
__S1                            (abs)         01ED
__accesstop                     (abs)         0080
__activetblptr                  (abs)         0000
__end_of_ConvertADC             text26        1D6C
__end_of_Delay1KTCYx            text23        1D00
__end_of_FromMainHigh_recvmsg   text43        1BEA
__end_of_InterruptHandlerHigh   intcode_body  1542
__end_of_InterruptHandlerLow    intcodelo     00D2
__end_of_OpenADC                text24        164C
__end_of_OpenTimer1             text6         1A62
__end_of_OpenUSART              text8         1354
__end_of_ReadADC                text36        1D50
__end_of_ReadTimer1             text34        1D12
__end_of_ReadUSART              text33        1B10
__end_of_SetChanADC             text25        1CBE
__end_of_SleepIfOkay            text41        16C2
__end_of_ToMainHigh_recvmsg     text13        1B40
__end_of_ToMainHigh_sendmsg     text42        1CA2
__end_of_ToMainLow_recvmsg      text16        1B70
__end_of_ToMainLow_sendmsg      text31        1C7E
__end_of_WriteTimer0            text46        1D36
__end_of_WriteTimer1            text35        1D24
__end_of__initialization        cinit         1BBC
__end_of_adc_int_handler        text29        1B9A
__end_of_block_on_To_msgqueues  text9         112A
__end_of_check_msg              text22        1AD8
__end_of_enable_interrupts      text1         1D62
__end_of_enter_sleep_mode       text44        1D68
__end_of_handle_start           text45        1056
__end_of_i2c_configure_slave    text7         1C5A
__end_of_i2c_int_handler        text39        0898
__end_of_in_high_int            text12        1CEC
__end_of_in_low_int             text11        1854
__end_of_in_main                text10        18AC
__end_of_init_i2c               text3         17F6
__end_of_init_queue             text19        15C8
__end_of_init_queues            text5         1730
__end_of_init_timer1_lthread    text4         1794
__end_of_init_uart_recv         text2         1CD8
__end_of_main                   text0         0C1A
__end_of_memcpy                 text21        1902
__end_of_recv_msg               text20        0D5A
__end_of_send_msg               text32        1406
__end_of_start_i2c_slave_reply  text15        0F80
__end_of_timer0_int_handler     text40        11EA
__end_of_timer0_lthread         text14        1D5A
__end_of_timer1_int_handler     text28        1AA0
__end_of_timer1_lthread         text17        1C10
__end_of_uart_lthread           text18        1950
__end_of_uart_recv_int_handler  text30        12A0
__end_ofi1_memcpy               text37        1998
__end_ofi2_check_msg            text51        1C36
__end_ofi2_in_high_int          text48        1D44
__end_ofi2_in_low_int           text47        1A24
__end_ofi2_memcpy               text52        19E0
__end_ofi2_recv_msg             text50        0E6E
__end_ofi2_send_msg             text49        14B8
__initialization                cinit         1B9A
__mediumconst                   mediumconst   0000
__pbssBANK0                     bssBANK0      0080
__pbssBANK1                     bssBANK1      0100
__pbssCOMRAM                    bssCOMRAM     0048
__pcinit                        cinit         1B9A
__pcstackBANK0                  cstackBANK0   00B6
__pcstackBANK1                  cstackBANK1   01A2
__pcstackCOMRAM                 cstackCOMRAM  0001
__pintcode                      intcode       0008
__pintcode_body                 intcode_body  14B8
__pintcodelo                    intcodelo     0018
__pnvBANK0                      nvBANK0       00DE
__pnvCOMRAM                     nvCOMRAM      004D
__ptext0                        text0         0898
__ptext1                        text1         1D5A
__ptext10                       text10        1854
__ptext11                       text11        17F6
__ptext12                       text12        1CD8
__ptext13                       text13        1B10
[...]
  msg_to_send     1   12[BANK0 ] unsigned char 
  i2c_data        1   11[BANK0 ] unsigned char 
  overrun_erro    1   10[BANK0 ] unsigned char 
  data_written    1    9[BANK0 ] unsigned char 
 Return value:  Size  Location     Type
		None               void
 Registers used:
		wreg, fsr1l, fsr1h, fsr2l, fsr2h, status,2, status,0, prodl, prodh, cstack
 Tracked objects:
		On entry : 
		On exit  : 
		Unchanged: 
 Data sizes:     COMRAM   BANK0   BANK1   BANK2   BANK3
      Params:         0       0       0       0       0
      Locals:         0       9       0       0       0
      Temps:          0       2       0       0       0
      Totals:         0      11       0       0       0
Total ram usage:       11 bytes
 Hardware stack levels used:    1
 Hardware stack levels required when called:    3
 This function calls:
		_handle_start
		_ToMainHigh_sendmsg
 This function is called by:
		_InterruptHandlerHigh
 This function uses a non-reentrant model


 *************** function _timer0_int_handler *****************
 Defined at:
		line 17 in file "../src/user_interrupts.c"
 Parameters:    Size  Location     Type
		None
 Auto vars:     Size  Location     Type
  val             2   16[BANK0 ] unsigned int 
  length          2   14[BANK0 ] int 
  msgtype         2   12[BANK0 ] int 
 Return value:  Size  Location     Type
		None               void
 Registers used:
		wreg, fsr1l, fsr1h, fsr2l, fsr2h, status,2, status,0, prodl, prodh, cstack
 Tracked objects:
		On entry : 
		On exit  : 
		Unchanged: 
 Data sizes:     COMRAM   BANK0   BANK1   BANK2   BANK3
      Params:         0       0       0       0       0
      Locals:         0       6       0       0       0
      Temps:          0       2       0       0       0
      Totals:         0       8       0       0       0
Total ram usage:        8 bytes
 Hardware stack levels used:    1
 Hardware stack levels required when called:    3
 This function calls:
		_WriteTimer0
		_FromMainHigh_recvmsg
		_ToMainHigh_sendmsg
 This function is called by:
		_InterruptHandlerHigh
 This function uses a non-reentrant model


 *************** function _SleepIfOkay *****************
 Defined at:
		line 228 in file "../src/messages.c"
 Parameters:    Size  Location     Type
		None
 Auto vars:     Size  Location     Type
		None
 Return value:  Size  Location     Type
		None               void
 Registers used:
		wreg, fsr2l, fsr2h, status,2, status,0, prodl, prodh, cstack
 Tracked objects:
		On entry : 
		On exit  : 
		Unchanged: 
 Data sizes:     COMRAM   BANK0   BANK1   BANK2   BANK3
      Params:         0       0       0       0       0
      Locals:         0       0       0       0       0
      Temps:          0       0       0       0       0
      Totals:         0       0       0       0       0
Total ram usage:        0 bytes
 Hardware stack levels used:    1
 Hardware stack levels required when called:    2
 This function calls:
		i2_in_low_int
		i2_in_high_int
		i2_check_msg
		_enter_sleep_mode
 This function is called by:
		_InterruptHandlerHigh
 This function uses a non-reentrant model


 *************** function _ToMainHigh_sendmsg *****************
 Defined at:
		line 126 in file "../src/messages.c"
 Parameters:    Size  Location     Type
  length          1    0[BANK0 ] unsigned char 
  msgtype         1    1[BANK0 ] unsigned char 
  data            2    2[BANK0 ] PTR void 
		 -> timer0_int_handler@val(2), NULL(0), i2c_int_handler@error_buf(3), main@ic(28), 
 Auto vars:     Size  Location     Type
		None
 Return value:  Size  Location     Type
                  1    wreg      char 
 Registers used:
		wreg, fsr1l, fsr1h, fsr2l, fsr2h, status,2, status,0, prodl, prodh, cstack
 Tracked objects:
		On entry : 
		On exit  : 
		Unchanged: 
 Data sizes:     COMRAM   BANK0   BANK1   BANK2   BANK3
      Params:         0       4       0       0       0
      Locals:         0       0       0       0       0
      Temps:          0       0       0       0       0
      Totals:         0       4       0       0       0
Total ram usage:        4 bytes
 Hardware stack levels used:    1
 Hardware stack levels required when called:    2
 This function calls:
		i2_send_msg
 This function is called by:
		_i2c_int_handler
		_timer0_int_handler
 This function uses a non-reentrant model


 *************** function _FromMainHigh_recvmsg *****************
 Defined at:
		line 183 in file "../src/messages.c"
 Parameters:    Size  Location     Type
  maxlength       1    5[BANK0 ] unsigned char 
  msgtype         2    6[BANK0 ] PTR unsigned char 
		 -> RAM(1023), 
  data            2    8[BANK0 ] PTR void 
		 -> timer0_int_handler@val(2), 
 Auto vars:     Size  Location     Type
		None
 Return value:  Size  Location     Type
                  1    wreg      char 
 Registers used:
		wreg, fsr1l, fsr1h, fsr2l, fsr2h, status,2, status,0, prodl, prodh, cstack
 Tracked objects:
		On entry : 
		On exit  : 
		Unchanged: 
 Data sizes:     COMRAM   BANK0   BANK1   BANK2   BANK3
      Params:         0       5       0       0       0
      Locals:         0       0       0       0       0
      Temps:          0       0       0       0       0
      Totals:         0       5       0       0       0
Total ram usage:        5 bytes
 Hardware stack levels used:    1
 Hardware stack levels required when called:    2
 This function calls:
		i2_recv_msg
 This function is called by:
		_timer0_int_handler
 This function uses a non-reentrant model


 *************** function _enter_sleep_mode *****************
 Defined at:
		line 202 in file "../src/messages.c"
 Parameters:    Size  Location     Type
		None
 Auto vars:     Size  Location     Type
		None
 Return value:  Size  Location     Type
		None               void
 Registers used:
		None
 Tracked objects:
		On entry : 
		On exit  : 
		Unchanged: 
 Data sizes:     COMRAM   BANK0   BANK1   BANK2   BANK3
      Params:         0       0       0       0       0
      Locals:         0       0       0       0       0
      Temps:          0       0       0       0       0
      Totals:         0       0       0       0       0
Total ram usage:        0 bytes
 Hardware stack levels used:    1
 This function calls:
		Nothing
 This function is called by:
		_SleepIfOkay
 This function uses a non-reentrant model


 *************** function _handle_start *****************
 Defined at:
		line 71 in file "../src/my_i2c.c"
 Parameters:    Size  Location     Type
  data_read       1   49[COMRAM] unsigned char 
 Auto vars:     Size  Location     Type
		None
 Return value:  Size  Location     Type
		None               void
 Registers used:
		wreg, fsr2l, fsr2h, status,2, status,0
 Tracked objects:
		On entry : 
		On exit  : 
		Unchanged: 
 Data sizes:     COMRAM   BANK0   BANK1   BANK2   BANK3
      Params:         1       0       0       0       0
      Locals:         0       0       0       0       0
      Temps:          0       0       0       0       0
      Totals:         1       0       0       0       0
Total ram usage:        1 bytes
 Hardware stack levels used:    1
 This function calls:
		Nothing
 This function is called by:
		_i2c_int_handler
 This function uses a non-reentrant model


 *************** function _WriteTimer0 *****************
 Defined at:
		line 17 in file "plib/Timers/t0write.c"
 Parameters:    Size  Location     Type
  timer0          2   49[COMRAM] unsigned int 
 Auto vars:     Size  Location     Type
  timer           2   51[COMRAM] struct Timers
 Return value:  Size  Location     Type
		None               void
 Registers used:
		None
 Tracked objects:
		On entry : 
		On exit  : 
		Unchanged: 
 Data sizes:     COMRAM   BANK0   BANK1   BANK2   BANK3
      Params:         2       0       0       0       0
      Locals:         2       0       0       0       0
      Temps:          0       0       0       0       0
      Totals:         4       0       0       0       0
Total ram usage:        4 bytes
 Hardware stack levels used:    1
 This function calls:
		Nothing
 This function is called by:
		_timer0_int_handler
 This function uses a non-reentrant model


 *************** function i2_in_low_int *****************
 Defined at:
		line 30 in file "../src/interrupts.c"
 Parameters:    Size  Location     Type
		None
 Auto vars:     Size  Location     Type
		None
 Return value:  Size  Location     Type
                  2   51[COMRAM] int 
 Registers used:
		wreg, status,2, status,0, cstack
 Tracked objects:
		On entry : 
		On exit  : 
		Unchanged: 
 Data sizes:     COMRAM   BANK0   BANK1   BANK2   BANK3
      Params:         2       0       0       0       0
      Locals:         0       0       0       0       0
      Temps:          0       0       0       0       0
      Totals:         2       0       0       0       0
Total ram usage:        2 bytes
 Hardware stack levels used:    1
 Hardware stack levels required when called:    1
 This function calls:
		i2_in_high_int
 This function is called by:
		_SleepIfOkay
 This function uses a non-reentrant model


 *************** function i2_in_high_int *****************
 Defined at:
		line 22 in file "../src/interrupts.c"
 Parameters:    Size  Location     Type
		None
 Auto vars:     Size  Location     Type
		None
 Return value:  Size  Location     Type
                  2   49[COMRAM] int 
 Registers used:
		wreg, status,2
 Tracked objects:
		On entry : 
		On exit  : 
		Unchanged: 
 Data sizes:     COMRAM   BANK0   BANK1   BANK2   BANK3
      Params:         2       0       0       0       0
      Locals:         0       0       0       0       0
      Temps:          0       0       0       0       0
      Totals:         2       0       0       0       0
Total ram usage:        2 bytes
 Hardware stack levels used:    1
 This function calls:
		Nothing
 This function is called by:
		_SleepIfOkay
		i2_in_low_int
 This function uses a non-reentrant model


 *************** function i2_send_msg *****************
 Defined at:
		line 24 in file "../src/messages.c"
 Parameters:    Size  Location     Type
  send_msg        2   59[COMRAM] PTR struct __msg_queue
		 -> FromMainHigh_MQ(54), FromMainLow_MQ(54), ToMainHigh_MQ(54), ToMainLow_MQ(54), 
  send_msg        1   61[COMRAM] unsigned char 
  send_msg        1   62[COMRAM] unsigned char 
  send_msg        2   63[COMRAM] PTR void 
		 -> adc_int_handler@value(2), timer1_int_handler@result(2), timer0_int_handler@val(2), NULL(0), 
		 -> i2c_int_handler@error_buf(3), main@ic(28), main@uc(5), 
 Auto vars:     Size  Location     Type
  send_msg        2   69[COMRAM] PTR struct __msg
		 -> FromMainHigh_MQ(54), FromMainLow_MQ(54), ToMainHigh_MQ(54), ToMainLow_MQ(54), 
  send_msg        2   66[COMRAM] unsigned int 
  send_msg        1   68[COMRAM] unsigned char 
 Return value:  Size  Location     Type
                  1    wreg      char 
 Registers used:
		wreg, fsr1l, fsr1h, fsr2l, fsr2h, status,2, status,0, prodl, prodh, cstack
 Tracked objects:
		On entry : 
		On exit  : 
		Unchanged: 
 Data sizes:     COMRAM   BANK0   BANK1   BANK2   BANK3
      Params:         6       0       0       0       0
      Locals:         5       0       0       0       0
      Temps:          1       0       0       0       0
      Totals:        12       0       0       0       0
Total ram usage:       12 bytes
 Hardware stack levels used:    1
 Hardware stack levels required when called:    1
 This function calls:
		i2_memcpy
 This function is called by:
		_ToMainHigh_sendmsg
 This function uses a non-reentrant model


 *************** function i2_recv_msg *****************
 Defined at:
		line 63 in file "../src/messages.c"
 Parameters:    Size  Location     Type
  recv_msg        2   59[COMRAM] PTR struct __msg_queue
		 -> FromMainHigh_MQ(54), FromMainLow_MQ(54), ToMainHigh_MQ(54), ToMainLow_MQ(54), 
  recv_msg        1   61[COMRAM] unsigned char 
  recv_msg        2   62[COMRAM] PTR unsigned char 
		 -> RAM(1023), main@msgtype(1), 
  recv_msg        2   64[COMRAM] PTR void 
		 -> timer0_int_handler@val(2), main@msgbuffer(11), 
 Auto vars:     Size  Location     Type
  recv_msg        2    3[BANK0 ] PTR struct __msg
		 -> FromMainHigh_MQ(54), FromMainLow_MQ(54), ToMainHigh_MQ(54), ToMainLow_MQ(54), 
  recv_msg        2    1[BANK0 ] unsigned int 
  recv_msg        1    0[BANK0 ] unsigned char 
 Return value:  Size  Location     Type
                  1    wreg      char 
 Registers used:
		wreg, fsr1l, fsr1h, fsr2l, fsr2h, status,2, status,0, prodl, prodh, cstack
 Tracked objects:
		On entry : 
		On exit  : 
		Unchanged: 
 Data sizes:     COMRAM   BANK0   BANK1   BANK2   BANK3
      Params:         7       0       0       0       0
      Locals:         0       5       0       0       0
      Temps:          2       0       0       0       0
      Totals:         9       5       0       0       0
Total ram usage:       14 bytes
 Hardware stack levels used:    1
 Hardware stack levels required when called:    1
 This function calls:
		i2_memcpy
 This function is called by:
		_FromMainHigh_recvmsg
 This function uses a non-reentrant model


 *************** function i2_check_msg *****************
 Defined at:
		line 222 in file "../src/messages.c"
 Parameters:    Size  Location     Type
  check_msg       2   49[COMRAM] PTR struct __msg_queue
		 -> ToMainHigh_MQ(54), ToMainLow_MQ(54), 
 Auto vars:     Size  Location     Type
		None
 Return value:  Size  Location     Type
                  1    wreg      unsigned char 
 Registers used:
		wreg, fsr2l, fsr2h, status,2, status,0, prodl, prodh
 Tracked objects:
		On entry : 
		On exit  : 
		Unchanged: 
 Data sizes:     COMRAM   BANK0   BANK1   BANK2   BANK3
      Params:         2       0       0       0       0
      Locals:         0       0       0       0       0
      Temps:          1       0       0       0       0
      Totals:         3       0       0       0       0
Total ram usage:        3 bytes
 Hardware stack levels used:    1
 This function calls:
		Nothing
 This function is called by:
		_SleepIfOkay
 This function uses a non-reentrant model


 *************** function i2_memcpy *****************
 Defined at:
		line 13 in file "/opt/microchip/xc8/v1.10/sources/memcpy.c"
 Parameters:    Size  Location     Type
  memcpy          2   49[COMRAM] PTR void 
		 -> timer0_int_handler@val(2), FromMainHigh_MQ(54), FromMainLow_MQ(54), ToMainHigh_MQ(54), 
		 -> ToMainLow_MQ(54), main@msgbuffer(11), 
  memcpy          2   51[COMRAM] PTR const void 
		 -> adc_int_handler@value(2), timer1_int_handler@result(2), timer0_int_handler@val(2), NULL(0), 
		 -> i2c_int_handler@error_buf(3), FromMainHigh_MQ(54), FromMainLow_MQ(54), ToMainHigh_MQ(54), 
		 -> ToMainLow_MQ(54), main@ic(28), main@uc(5), 
  memcpy          2   53[COMRAM] unsigned int 
 Auto vars:     Size  Location     Type
  memcpy          2   57[COMRAM] PTR const unsigned char 
		 -> adc_int_handler@value(2), timer1_int_handler@result(2), timer0_int_handler@val(2), NULL(0), 
		 -> i2c_int_handler@error_buf(3), FromMainHigh_MQ(54), FromMainLow_MQ(54), ToMainHigh_MQ(54), 
		 -> ToMainLow_MQ(54), main@ic(28), main@uc(5), 
  memcpy          2   55[COMRAM] PTR unsigned char 
		 -> timer0_int_handler@val(2), FromMainHigh_MQ(54), FromMainLow_MQ(54), ToMainHigh_MQ(54), 
		 -> ToMainLow_MQ(54), main@msgbuffer(11), 
 Return value:  Size  Location     Type
                  2   49[COMRAM] PTR void 
 Registers used:
		wreg, fsr1l, fsr1h, fsr2l, fsr2h, status,2, status,0
 Tracked objects:
		On entry : 
		On exit  : 
		Unchanged: 
 Data sizes:     COMRAM   BANK0   BANK1   BANK2   BANK3
      Params:         6       0       0       0       0
      Locals:         4       0       0       0       0
      Temps:          0       0       0       0       0
      Totals:        10       0       0       0       0
Total ram usage:       10 bytes
 Hardware stack levels used:    1
 This function calls:
		Nothing
 This function is called by:
		i2_send_msg
		i2_recv_msg
 This function uses a non-reentrant model



MODULE INFORMATION

Module		Function		Class		Link	Load	Size
plib/Timers/t1open.c
		_OpenTimer1    		CODE           	1A24	0000	62

plib/Timers/t1open.c estimated size: 62

../src/user_interrupts.c
		_timer0_int_han		CODE           	112A	0000	192
		_timer1_int_han		CODE           	1A62	0000	62
		_adc_int_handle		CODE           	1B70	0000	42

../src/user_interrupts.c estimated size: 296

plib/ADC/adcread.c
		_ReadADC       		CODE           	1D44	0000	12

plib/ADC/adcread.c estimated size: 12

../src/timer0_thread.c
		_timer0_lthread		CODE           	1D50	0000	10

../src/timer0_thread.c estimated size: 10

shared
		i2_send_msg    		CODE           	1406	0000	178
		i2_in_high_int 		CODE           	1D36	0000	14
		i2_recv_msg    		CODE           	0D5A	0000	276
		__initializatio		CODE           	1B9A	0000	34
		i2_in_low_int  		CODE           	19E0	0000	68
		i1_memcpy      		CODE           	1950	0000	72
		i2_memcpy      		CODE           	1998	0000	72
		i2_check_msg   		CODE           	1C10	0000	38

shared estimated size: 752

plib/USART/uopen.c
		_OpenUSART     		CODE           	12A0	0000	180

plib/USART/uopen.c estimated size: 180

../src/my_i2c.c
		_start_i2c_slav		CODE           	0E6E	0000	274
		_handle_start  		CODE           	0F80	0000	214
		_i2c_configure_		CODE           	1C36	0000	36
		_init_i2c      		CODE           	1794	0000	98
		_i2c_int_handle		CODE           	00D6	0000	1986

../src/my_i2c.c estimated size: 2608

../src/timer1_thread.c
		_timer1_lthread		CODE           	1BEA	0000	38
		_init_timer1_lt		CODE           	1730	0000	100

../src/timer1_thread.c estimated size: 138

plib/Timers/t0write.c
		_WriteTimer0   		CODE           	1D24	0000	18

plib/Timers/t0write.c estimated size: 18

plib/Timers/t1write.c
		_WriteTimer1   		CODE           	1D12	0000	18

plib/Timers/t1write.c estimated size: 18

../src/uart_thread.c
		_uart_lthread  		CODE           	1902	0000	78

../src/uart_thread.c estimated size: 78

plib/ADC/adcopen.c
		_OpenADC       		CODE           	15C8	0000	132

plib/ADC/adcopen.c estimated size: 132

plib/ADC/adcsetch.c
		_SetChanADC    		CODE           	1CA2	0000	28

plib/ADC/adcsetch.c estimated size: 28

../common/d1ktcyx.c
		_Delay1KTCYx   		CODE           	1CEC	0000	20

../common/d1ktcyx.c estimated size: 20

../src/interrupts.c
		_enable_interru		CODE           	1D5A	0000	8
		_in_low_int    		CODE           	17F6	0000	94
		_in_main       		CODE           	1854	0000	88
		_in_high_int   		CODE           	1CD8	0000	20
		_InterruptHandl		CODE           	0018	0000	186
		_InterruptHandl		CODE           	0008	0000	5434

../src/interrupts.c estimated size: 5830

plib/Timers/t1read.c
		_ReadTimer1    		CODE           	1D00	0000	18

plib/Timers/t1read.c estimated size: 18

../src/my_uart.c
		_init_uart_recv		CODE           	1CBE	0000	26
		_uart_recv_int_		CODE           	11EA	0000	182

../src/my_uart.c estimated size: 208

../src/messages.c
		_ToMainHigh_sen		CODE           	1C7E	0000	36
		_ToMainHigh_rec		CODE           	1B10	0000	48
		_block_on_To_ms		CODE           	1056	0000	212
		_check_msg     		CODE           	1AA0	0000	56
		_ToMainLow_send		CODE           	1C5A	0000	36
		_ToMainLow_recv		CODE           	1B40	0000	48
		_enter_sleep_mo		CODE           	1D62	0000	6
		_send_msg      		CODE           	1354	0000	178
		_FromMainHigh_r		CODE           	1BC2	0000	40
		_init_queue    		CODE           	1542	0000	134
		_init_queues   		CODE           	16C2	0000	110
		_recv_msg      		CODE           	0C1A	0000	320
		_SleepIfOkay   		CODE           	164C	0000	118

../src/messages.c estimated size: 1342

/opt/microchip/xc8/v1.10/sources/memcpy.c
		_memcpy        		CODE           	18AC	0000	86

/opt/microchip/xc8/v1.10/sources/memcpy.c estimated size: 86

plib/USART/uread.c
		_ReadUSART     		CODE           	1AD8	0000	56

plib/USART/uread.c estimated size: 56

../src/main.c
		_main          		CODE           	0898	0000	898

../src/main.c estimated size: 898

plib/ADC/adcconv.c
		_ConvertADC    		CODE           	1D68	0000	4

plib/ADC/adcconv.c estimated size: 4

